// Jest Snapshot v1, https://goo.gl/fbAQLP

exports[`Login Page render a button to login 1`] = `ReactWrapper {}`;
